// Jest Snapshot v1, https://goo.gl/fbAQLP

exports[`Col 스냅샷과 일치한다. 1`] = `
Object {
  "$$typeof": Symbol(react.forward_ref),
  "attrs": Array [],
  "componentStyle": ComponentStyle {
    "componentId": "sc-bdVaJa",
    "isStatic": false,
    "rules": Array [
      "
  position: relative;
  min-height: 1px;
  padding-right: 12px;
  padding-left: 12px;
  box-sizing: border-box;
  ",
      "
      @media ",
      "(max-width: 1023px)",
      " {
        ",
      "
    flex-basis: ",
      [Function],
      "%;
    padding-right: 4px;
    padding-left: 4px;
    ",
      [Function],
      "
  ",
      ";
      }
    ",
      "

  ",
      "
      @media ",
      " {
        ",
      "
    flex-basis: ",
      [Function],
      "%;
    ",
      [Function],
      "
  ",
      ";
      }
    ",
      "

  ",
      "
      @media ",
      "(min-width: 1024px)",
      " {
        ",
      "
    flex-basis: ",
      [Function],
      "%;
    ",
      [Function],
      "
  ",
      ";
      }
    ",
      ";
",
    ],
  },
  "displayName": "styled.div",
  "foldedComponentIds": Array [],
  "render": [Function],
  "styledComponentId": "sc-bdVaJa",
  "target": "div",
  "toString": [Function],
  "warnTooManyClasses": [Function],
  "withComponent": [Function],
}
`;
